./ticketing/scripts/destroy.sh tkt02 
[ticketing 06:17:19] transcript: ticketing/.runs/tkt02/destroy-20260929T061719Z.log
[ticketing 06:17:22] 1/4 namespaces labelled demo.otterworks.app/run-token=tkt02
namespace "tkt02-after" deleted
namespace "tkt02-before" deleted
[ticketing 06:17:26]    tkt02-before contains:
      configmap/kube-root-ca.crt
      configmap/tkt02-db-init
      limitrange/tkt02-before-limits
      resourcequota/tkt02-before-quota
      secret/tkt02-before-tls
      serviceaccount/default
      service/tkt02-db
      service/tkt02-monolith
      order.acme.cert-manager.io/tkt02-before-tls-1-1936637911
      deployment.apps/tkt02-db
      deployment.apps/tkt02-monolith
      certificaterequest.cert-manager.io/tkt02-before-tls-1
      certificate.cert-manager.io/tkt02-before-tls
      ingress.networking.k8s.io/tkt02-before
      networkpolicy.networking.k8s.io/tkt02-before-isolate
namespace "tkt02-before" deleted
[ticketing 06:17:36]    tkt02-after contains:
      configmap/kube-root-ca.crt
      configmap/tkt02-dashboard-onsale
      configmap/tkt02-kafka-entity-topic-operator-config
      configmap/tkt02-kafka-tkt02-broker-0
      limitrange/tkt02-after-limits
      resourcequota/tkt02-after-quota
      secret/tkt02-after-tls
      secret/tkt02-kafka-clients-ca
      secret/tkt02-kafka-clients-ca-cert
      secret/tkt02-kafka-cluster-ca
      secret/tkt02-kafka-cluster-ca-cert
      secret/tkt02-kafka-cluster-operator-certs
      secret/tkt02-kafka-entity-topic-operator-certs
      secret/tkt02-kafka-kafka-exporter-certs
      secret/tkt02-kafka-tkt02-broker-0
      secret/tkt02-kafka-trustbundle
      secret/tkt02-orders-db
      secret/tkt02-payments-db
      secret/tkt02-seats-db
      serviceaccount/default
      serviceaccount/tkt02-kafka-entity-operator
      serviceaccount/tkt02-kafka-kafka
      serviceaccount/tkt02-kafka-kafka-exporter
      service/tkt02-confirmations
      service/tkt02-confirmations-00001
      service/tkt02-confirmations-00001-private
      service/tkt02-confirmations-consumer-metrics
      service/tkt02-confirmations-db
      service/tkt02-confirmations-kourier
      service/tkt02-confirmations-metrics
      service/tkt02-kafka-kafka-bootstrap
      service/tkt02-kafka-kafka-brokers
      service/tkt02-orders
      service/tkt02-orders-00001
      service/tkt02-orders-00001-private
      service/tkt02-orders-db
      service/tkt02-orders-kourier
      service/tkt02-orders-outbox-relay
      service/tkt02-payments
      service/tkt02-payments-db
      service/tkt02-payments-relay
      service/tkt02-seats
      service/tkt02-seats-00001
      service/tkt02-seats-00001-private
      service/tkt02-seats-db
      service/tkt02-seats-kourier
      service/tkt02-seats-metrics
      order.acme.cert-manager.io/tkt02-after-tls-1-3850146926
      deployment.apps/tkt02-confirmations-00001-deployment
      deployment.apps/tkt02-confirmations-consumer
      deployment.apps/tkt02-confirmations-db
      deployment.apps/tkt02-kafka-entity-operator
      deployment.apps/tkt02-kafka-kafka-exporter
      deployment.apps/tkt02-orders-00001-deployment
      deployment.apps/tkt02-orders-db
      deployment.apps/tkt02-orders-outbox-relay
      deployment.apps/tkt02-payments
      deployment.apps/tkt02-payments-db
      deployment.apps/tkt02-payments-relay
      deployment.apps/tkt02-seats-00001-deployment
      deployment.apps/tkt02-seats-db
      horizontalpodautoscaler.autoscaling/keda-hpa-tkt02-confirmations-consumer
      horizontalpodautoscaler.autoscaling/keda-hpa-tkt02-orders-outbox-relay
      horizontalpodautoscaler.autoscaling/keda-hpa-tkt02-payments
      horizontalpodautoscaler.autoscaling/keda-hpa-tkt02-payments-relay
      metric.autoscaling.internal.knative.dev/tkt02-confirmations-00001
      metric.autoscaling.internal.knative.dev/tkt02-orders-00001
      metric.autoscaling.internal.knative.dev/tkt02-seats-00001
      podautoscaler.autoscaling.internal.knative.dev/tkt02-confirmations-00001
      podautoscaler.autoscaling.internal.knative.dev/tkt02-orders-00001
      podautoscaler.autoscaling.internal.knative.dev/tkt02-seats-00001
      cronjob.batch/tkt02-seats-sweep
      job.batch/tkt02-seats-sweep-29844377
      image.caching.internal.knative.dev/tkt02-confirmations-00001-cache-confirmations
      image.caching.internal.knative.dev/tkt02-orders-00001-cache-orders
      image.caching.internal.knative.dev/tkt02-seats-00001-cache-seats
      certificaterequest.cert-manager.io/tkt02-after-tls-1
      certificate.cert-manager.io/tkt02-after-tls
      strimzipodset.core.strimzi.io/tkt02-kafka-tkt02-broker
      kafkanodepool.kafka.strimzi.io/tkt02-broker
      kafka.kafka.strimzi.io/tkt02-kafka
      kafkatopic.kafka.strimzi.io/tkt02-hold-expired
      kafkatopic.kafka.strimzi.io/tkt02-order-confirmed
      kafkatopic.kafka.strimzi.io/tkt02-order-placed
      kafkatopic.kafka.strimzi.io/tkt02-payment-captured
      kafkatopic.kafka.strimzi.io/tkt02-payment-failed
      scaledobject.keda.sh/tkt02-confirmations-consumer
      scaledobject.keda.sh/tkt02-orders-outbox-relay
      scaledobject.keda.sh/tkt02-payments
      scaledobject.keda.sh/tkt02-payments-relay
      triggerauthentication.keda.sh/tkt02-orders-db-trigger-auth
      triggerauthentication.keda.sh/tkt02-payments-db-trigger-auth
      podmonitor.monitoring.coreos.com/tkt02-kafka-exporter
      podmonitor.monitoring.coreos.com/tkt02-orders
      servicemonitor.monitoring.coreos.com/tkt02-confirmations
      servicemonitor.monitoring.coreos.com/tkt02-orders-outbox-relay
      servicemonitor.monitoring.coreos.com/tkt02-payments
      servicemonitor.monitoring.coreos.com/tkt02-payments-relay
      servicemonitor.monitoring.coreos.com/tkt02-seats
      ingress.networking.internal.knative.dev/tkt02-confirmations
      ingress.networking.internal.knative.dev/tkt02-orders
      ingress.networking.internal.knative.dev/tkt02-seats
      serverlessservice.networking.internal.knative.dev/tkt02-confirmations-00001
      serverlessservice.networking.internal.knative.dev/tkt02-orders-00001
      serverlessservice.networking.internal.knative.dev/tkt02-seats-00001
      ingress.networking.k8s.io/tkt02-after
      ingress.networking.k8s.io/tkt02-after-payments
      ingress.networking.k8s.io/tkt02-confirmations
      ingress.networking.k8s.io/tkt02-seats
      networkpolicy.networking.k8s.io/tkt02-after-isolate
      networkpolicy.networking.k8s.io/tkt02-confirmations
      networkpolicy.networking.k8s.io/tkt02-kafka-entity-operator
      networkpolicy.networking.k8s.io/tkt02-kafka-kafka-exporter
      networkpolicy.networking.k8s.io/tkt02-kafka-network-policy-kafka
      networkpolicy.networking.k8s.io/tkt02-orders
      networkpolicy.networking.k8s.io/tkt02-payments-isolate
      networkpolicy.networking.k8s.io/tkt02-seats
      poddisruptionbudget.policy/tkt02-kafka-entity-operator
      poddisruptionbudget.policy/tkt02-kafka-kafka
      poddisruptionbudget.policy/tkt02-kafka-kafka-exporter
      rolebinding.rbac.authorization.k8s.io/tkt02-kafka-entity-topic-operator-role
      rolebinding.rbac.authorization.k8s.io/tkt02-kafka-kafka-role
      role.rbac.authorization.k8s.io/tkt02-kafka-entity-operator
      role.rbac.authorization.k8s.io/tkt02-kafka-kafka
      configuration.serving.knative.dev/tkt02-confirmations
      configuration.serving.knative.dev/tkt02-orders
      configuration.serving.knative.dev/tkt02-seats
      revision.serving.knative.dev/tkt02-confirmations-00001
      revision.serving.knative.dev/tkt02-orders-00001
      revision.serving.knative.dev/tkt02-seats-00001
      route.serving.knative.dev/tkt02-confirmations
      route.serving.knative.dev/tkt02-orders
      route.serving.knative.dev/tkt02-seats
      service.serving.knative.dev/tkt02-confirmations
      service.serving.knative.dev/tkt02-orders
      service.serving.knative.dev/tkt02-seats
namespace "tkt02-after" deleted
[ticketing 06:17:55] 2/4 labelled objects outside those namespaces
[ticketing 06:19:39] 3/4 ECR image tags tkt02-*
[ticketing 06:19:44] 4/4 waiting for namespaces to terminate and external-dns to drop the token's records
---- remaining objects for token tkt02 ----
(none)
---- PASS: nothing carrying tkt02 remains (263s) ----
