./ticketing/scripts/destroy.sh tkt03 
[ticketing 06:32:58] transcript: ticketing/.runs/tkt03/destroy-20260929T063258Z.log
[ticketing 06:33:02] 1/4 namespaces labelled demo.otterworks.app/run-token=tkt03
namespace "tkt03-after" deleted
namespace "tkt03-before" deleted
[ticketing 06:33:05]    tkt03-before contains:
      configmap/kube-root-ca.crt
      configmap/tkt03-db-init
      limitrange/tkt03-before-limits
      resourcequota/tkt03-before-quota
      secret/tkt03-before-tls
      serviceaccount/default
      service/tkt03-db
      service/tkt03-monolith
      order.acme.cert-manager.io/tkt03-before-tls-1-1535466474
      deployment.apps/tkt03-db
      deployment.apps/tkt03-monolith
      certificaterequest.cert-manager.io/tkt03-before-tls-1
      certificate.cert-manager.io/tkt03-before-tls
      ingress.networking.k8s.io/tkt03-before
      networkpolicy.networking.k8s.io/tkt03-before-isolate
namespace "tkt03-before" deleted
[ticketing 06:33:15]    tkt03-after contains:
      configmap/kube-root-ca.crt
      configmap/tkt03-dashboard-onsale
      configmap/tkt03-kafka-entity-topic-operator-config
      configmap/tkt03-kafka-tkt03-broker-0
      limitrange/tkt03-after-limits
      resourcequota/tkt03-after-quota
      secret/tkt03-after-tls
      secret/tkt03-kafka-clients-ca
      secret/tkt03-kafka-clients-ca-cert
      secret/tkt03-kafka-cluster-ca
      secret/tkt03-kafka-cluster-ca-cert
      secret/tkt03-kafka-cluster-operator-certs
      secret/tkt03-kafka-entity-topic-operator-certs
      secret/tkt03-kafka-kafka-exporter-certs
      secret/tkt03-kafka-tkt03-broker-0
      secret/tkt03-kafka-trustbundle
      secret/tkt03-orders-db
      secret/tkt03-payments-db
      secret/tkt03-seats-db
      serviceaccount/default
      serviceaccount/tkt03-kafka-entity-operator
      serviceaccount/tkt03-kafka-kafka
      serviceaccount/tkt03-kafka-kafka-exporter
      service/tkt03-confirmations
      service/tkt03-confirmations-00001
      service/tkt03-confirmations-00001-private
      service/tkt03-confirmations-consumer-metrics
      service/tkt03-confirmations-db
      service/tkt03-confirmations-kourier
      service/tkt03-confirmations-metrics
      service/tkt03-kafka-kafka-bootstrap
      service/tkt03-kafka-kafka-brokers
      service/tkt03-orders
      service/tkt03-orders-00001
      service/tkt03-orders-00001-private
      service/tkt03-orders-db
      service/tkt03-orders-kourier
      service/tkt03-orders-outbox-relay
      service/tkt03-payments
      service/tkt03-payments-db
      service/tkt03-payments-relay
      service/tkt03-seats
      service/tkt03-seats-00001
      service/tkt03-seats-00001-private
      service/tkt03-seats-db
      service/tkt03-seats-kourier
      service/tkt03-seats-metrics
      order.acme.cert-manager.io/tkt03-after-tls-1-278864133
      deployment.apps/tkt03-confirmations-00001-deployment
      deployment.apps/tkt03-confirmations-consumer
      deployment.apps/tkt03-confirmations-db
      deployment.apps/tkt03-kafka-entity-operator
      deployment.apps/tkt03-kafka-kafka-exporter
      deployment.apps/tkt03-orders-00001-deployment
      deployment.apps/tkt03-orders-db
      deployment.apps/tkt03-orders-outbox-relay
      deployment.apps/tkt03-payments
      deployment.apps/tkt03-payments-db
      deployment.apps/tkt03-payments-relay
      deployment.apps/tkt03-seats-00001-deployment
      deployment.apps/tkt03-seats-db
      horizontalpodautoscaler.autoscaling/keda-hpa-tkt03-confirmations-consumer
      horizontalpodautoscaler.autoscaling/keda-hpa-tkt03-orders-outbox-relay
      horizontalpodautoscaler.autoscaling/keda-hpa-tkt03-payments
      horizontalpodautoscaler.autoscaling/keda-hpa-tkt03-payments-relay
      metric.autoscaling.internal.knative.dev/tkt03-confirmations-00001
      metric.autoscaling.internal.knative.dev/tkt03-orders-00001
      metric.autoscaling.internal.knative.dev/tkt03-seats-00001
      podautoscaler.autoscaling.internal.knative.dev/tkt03-confirmations-00001
      podautoscaler.autoscaling.internal.knative.dev/tkt03-orders-00001
      podautoscaler.autoscaling.internal.knative.dev/tkt03-seats-00001
      cronjob.batch/tkt03-seats-sweep
      job.batch/tkt03-seats-sweep-29844393
      image.caching.internal.knative.dev/tkt03-confirmations-00001-cache-confirmations
      image.caching.internal.knative.dev/tkt03-orders-00001-cache-orders
      image.caching.internal.knative.dev/tkt03-seats-00001-cache-seats
      certificaterequest.cert-manager.io/tkt03-after-tls-1
      certificate.cert-manager.io/tkt03-after-tls
      strimzipodset.core.strimzi.io/tkt03-kafka-tkt03-broker
      kafkanodepool.kafka.strimzi.io/tkt03-broker
      kafka.kafka.strimzi.io/tkt03-kafka
      kafkatopic.kafka.strimzi.io/tkt03-hold-expired
      kafkatopic.kafka.strimzi.io/tkt03-order-confirmed
      kafkatopic.kafka.strimzi.io/tkt03-order-placed
      kafkatopic.kafka.strimzi.io/tkt03-payment-captured
      kafkatopic.kafka.strimzi.io/tkt03-payment-failed
      scaledobject.keda.sh/tkt03-confirmations-consumer
      scaledobject.keda.sh/tkt03-orders-outbox-relay
      scaledobject.keda.sh/tkt03-payments
      scaledobject.keda.sh/tkt03-payments-relay
      triggerauthentication.keda.sh/tkt03-orders-db-trigger-auth
      triggerauthentication.keda.sh/tkt03-payments-db-trigger-auth
      podmonitor.monitoring.coreos.com/tkt03-kafka-exporter
      podmonitor.monitoring.coreos.com/tkt03-orders
      servicemonitor.monitoring.coreos.com/tkt03-confirmations
      servicemonitor.monitoring.coreos.com/tkt03-orders-outbox-relay
      servicemonitor.monitoring.coreos.com/tkt03-payments
      servicemonitor.monitoring.coreos.com/tkt03-payments-relay
      servicemonitor.monitoring.coreos.com/tkt03-seats
      ingress.networking.internal.knative.dev/tkt03-confirmations
      ingress.networking.internal.knative.dev/tkt03-orders
      ingress.networking.internal.knative.dev/tkt03-seats
      serverlessservice.networking.internal.knative.dev/tkt03-confirmations-00001
      serverlessservice.networking.internal.knative.dev/tkt03-orders-00001
      serverlessservice.networking.internal.knative.dev/tkt03-seats-00001
      ingress.networking.k8s.io/tkt03-after
      ingress.networking.k8s.io/tkt03-after-payments
      ingress.networking.k8s.io/tkt03-confirmations
      ingress.networking.k8s.io/tkt03-seats
      networkpolicy.networking.k8s.io/tkt03-after-isolate
      networkpolicy.networking.k8s.io/tkt03-confirmations
      networkpolicy.networking.k8s.io/tkt03-kafka-entity-operator
      networkpolicy.networking.k8s.io/tkt03-kafka-kafka-exporter
      networkpolicy.networking.k8s.io/tkt03-kafka-network-policy-kafka
      networkpolicy.networking.k8s.io/tkt03-orders
      networkpolicy.networking.k8s.io/tkt03-payments-isolate
      networkpolicy.networking.k8s.io/tkt03-seats
      poddisruptionbudget.policy/tkt03-kafka-entity-operator
      poddisruptionbudget.policy/tkt03-kafka-kafka
      poddisruptionbudget.policy/tkt03-kafka-kafka-exporter
      rolebinding.rbac.authorization.k8s.io/tkt03-kafka-entity-topic-operator-role
      rolebinding.rbac.authorization.k8s.io/tkt03-kafka-kafka-role
      role.rbac.authorization.k8s.io/tkt03-kafka-entity-operator
      role.rbac.authorization.k8s.io/tkt03-kafka-kafka
      configuration.serving.knative.dev/tkt03-confirmations
      configuration.serving.knative.dev/tkt03-orders
      configuration.serving.knative.dev/tkt03-seats
      revision.serving.knative.dev/tkt03-confirmations-00001
      revision.serving.knative.dev/tkt03-orders-00001
      revision.serving.knative.dev/tkt03-seats-00001
      route.serving.knative.dev/tkt03-confirmations
      route.serving.knative.dev/tkt03-orders
      route.serving.knative.dev/tkt03-seats
      service.serving.knative.dev/tkt03-confirmations
      service.serving.knative.dev/tkt03-orders
      service.serving.knative.dev/tkt03-seats
namespace "tkt03-after" deleted
[ticketing 06:33:34] 2/4 labelled objects outside those namespaces
[ticketing 06:35:19] 3/4 ECR image tags tkt03-*
[ticketing 06:35:25] 4/4 waiting for namespaces to terminate and external-dns to drop the token's records
---- remaining objects for token tkt03 ----
(none)
---- PASS: nothing carrying tkt03 remains (265s) ----
