
         /\      Grafana   /‾‾/  
    /\  /  \     |\  __   /  /   
   /  \/    \    | |/ /  /   ‾‾\ 
  /          \   |   (  |  (‾)  |
 / __________ \  |_|\_\  \_____/ 


     execution: local
        script: /scripts/onsale.js
        output: -

     scenarios: (100.00%) 2 scenarios, 600 max VUs, 4m0s max duration (incl. graceful stop):
              * after: Up to 10.00 iterations/s for 3m30s over 3 stages (maxVUs: 50-300, exec: after, gracefulStop: 30s)
              * before: Up to 10.00 iterations/s for 3m30s over 3 stages (maxVUs: 50-300, exec: before, gracefulStop: 30s)


running (0m00.9s), 000/100 VUs, 0 complete and 0 interrupted iterations
after    [   0% ] 000/050 VUs  0m00.9s/3m30s  00.29 iters/s
before   [   0% ] 000/050 VUs  0m00.9s/3m30s  00.29 iters/s

running (0m01.9s), 000/100 VUs, 0 complete and 0 interrupted iterations
after    [   1% ] 000/050 VUs  0m01.9s/3m30s  00.29 iters/s
before   [   1% ] 000/050 VUs  0m01.9s/3m30s  00.29 iters/s

running (0m02.9s), 000/100 VUs, 0 complete and 0 interrupted iterations
after    [   1% ] 000/050 VUs  0m02.9s/3m30s  00.29 iters/s
before   [   1% ] 000/050 VUs  0m02.9s/3m30s  00.29 iters/s

running (0m03.9s), 002/100 VUs, 0 complete and 0 interrupted iterations
after    [   2% ] 001/050 VUs  0m03.9s/3m30s  00.70 iters/s
before   [   2% ] 001/050 VUs  0m03.9s/3m30s  00.70 iters/s

running (0m04.9s), 004/100 VUs, 0 complete and 0 interrupted iterations
after    [   2% ] 002/050 VUs  0m04.9s/3m30s  00.91 iters/s
before   [   2% ] 002/050 VUs  0m04.9s/3m30s  00.91 iters/s

running (0m05.9s), 003/100 VUs, 1 complete and 0 interrupted iterations
after    [   3% ] 002/050 VUs  0m05.9s/3m30s  00.91 iters/s
before   [   3% ] 001/050 VUs  0m05.9s/3m30s  00.91 iters/s

running (0m06.9s), 005/100 VUs, 3 complete and 0 interrupted iterations
after    [   3% ] 004/050 VUs  0m06.9s/3m30s  01.22 iters/s
before   [   3% ] 001/050 VUs  0m06.9s/3m30s  01.22 iters/s

running (0m07.9s), 005/100 VUs, 5 complete and 0 interrupted iterations
after    [   4% ] 005/050 VUs  0m07.9s/3m30s  01.35 iters/s
before   [   4% ] 000/050 VUs  0m07.9s/3m30s  01.35 iters/s

running (0m08.9s), 006/100 VUs, 6 complete and 0 interrupted iterations
after    [   4% ] 006/050 VUs  0m08.9s/3m30s  01.47 iters/s
before   [   4% ] 000/050 VUs  0m08.9s/3m30s  01.47 iters/s

running (0m09.9s), 009/100 VUs, 7 complete and 0 interrupted iterations
after    [   5% ] 008/050 VUs  0m09.9s/3m30s  01.68 iters/s
before   [   5% ] 001/050 VUs  0m09.9s/3m30s  01.68 iters/s

running (0m10.9s), 009/100 VUs, 9 complete and 0 interrupted iterations
after    [   5% ] 009/050 VUs  0m10.9s/3m30s  01.78 iters/s
before   [   5% ] 000/050 VUs  0m10.9s/3m30s  01.78 iters/s

running (0m11.9s), 013/100 VUs, 9 complete and 0 interrupted iterations
after    [   6% ] 011/050 VUs  0m11.9s/3m30s  01.96 iters/s
before   [   6% ] 002/050 VUs  0m11.9s/3m30s  01.96 iters/s

running (0m12.9s), 016/100 VUs, 10 complete and 0 interrupted iterations
after    [   6% ] 013/050 VUs  0m12.9s/3m30s  02.12 iters/s
before   [   6% ] 003/050 VUs  0m12.9s/3m30s  02.12 iters/s

running (0m13.9s), 006/100 VUs, 26 complete and 0 interrupted iterations
after    [   7% ] 000/050 VUs  0m13.9s/3m30s  02.34 iters/s
before   [   7% ] 006/050 VUs  0m13.9s/3m30s  02.34 iters/s

running (0m14.9s), 004/100 VUs, 32 complete and 0 interrupted iterations
after    [   7% ] 000/050 VUs  0m14.9s/3m30s  02.48 iters/s
before   [   7% ] 004/050 VUs  0m14.9s/3m30s  02.48 iters/s

running (0m15.9s), 001/100 VUs, 41 complete and 0 interrupted iterations
after    [   8% ] 000/050 VUs  0m15.9s/3m30s  02.68 iters/s
before   [   8% ] 001/050 VUs  0m15.9s/3m30s  02.68 iters/s

running (0m16.9s), 000/100 VUs, 46 complete and 0 interrupted iterations
after    [   8% ] 000/050 VUs  0m16.9s/3m30s  02.80 iters/s
before   [   8% ] 000/050 VUs  0m16.9s/3m30s  02.80 iters/s

running (0m17.9s), 001/100 VUs, 51 complete and 0 interrupted iterations
after    [   9% ] 000/050 VUs  0m17.9s/3m30s  02.97 iters/s
before   [   9% ] 001/050 VUs  0m17.9s/3m30s  02.97 iters/s

running (0m18.9s), 002/100 VUs, 56 complete and 0 interrupted iterations
after    [   9% ] 000/050 VUs  0m18.9s/3m30s  03.14 iters/s
before   [   9% ] 002/050 VUs  0m18.9s/3m30s  03.14 iters/s

running (0m19.9s), 002/100 VUs, 64 complete and 0 interrupted iterations
after    [   9% ] 001/050 VUs  0m19.9s/3m30s  03.34 iters/s
before   [   9% ] 001/050 VUs  0m19.9s/3m30s  03.34 iters/s

running (0m20.9s), 002/100 VUs, 70 complete and 0 interrupted iterations
after    [  10% ] 000/050 VUs  0m20.9s/3m30s  03.49 iters/s
before   [  10% ] 002/050 VUs  0m20.9s/3m30s  03.49 iters/s

running (0m21.9s), 003/100 VUs, 77 complete and 0 interrupted iterations
after    [  10% ] 001/050 VUs  0m21.9s/3m30s  03.67 iters/s
before   [  10% ] 002/050 VUs  0m21.9s/3m30s  03.67 iters/s

running (0m22.9s), 000/100 VUs, 86 complete and 0 interrupted iterations
after    [  11% ] 000/050 VUs  0m22.9s/3m30s  03.81 iters/s
before   [  11% ] 000/050 VUs  0m22.9s/3m30s  03.81 iters/s

running (0m23.9s), 000/100 VUs, 94 complete and 0 interrupted iterations
after    [  11% ] 000/050 VUs  0m23.9s/3m30s  03.98 iters/s
before   [  11% ] 000/050 VUs  0m23.9s/3m30s  03.98 iters/s

running (0m24.9s), 003/100 VUs, 99 complete and 0 interrupted iterations
after    [  12% ] 000/050 VUs  0m24.9s/3m30s  04.14 iters/s
before   [  12% ] 003/050 VUs  0m24.9s/3m30s  04.14 iters/s

running (0m25.9s), 008/100 VUs, 104 complete and 0 interrupted iterations
after    [  12% ] 001/050 VUs  0m25.9s/3m30s  04.34 iters/s
before   [  12% ] 007/050 VUs  0m25.9s/3m30s  04.34 iters/s

running (0m26.9s), 007/100 VUs, 113 complete and 0 interrupted iterations
after    [  13% ] 000/050 VUs  0m26.9s/3m30s  04.49 iters/s
before   [  13% ] 007/050 VUs  0m26.9s/3m30s  04.49 iters/s

running (0m27.9s), 010/100 VUs, 120 complete and 0 interrupted iterations
after    [  13% ] 001/050 VUs  0m27.9s/3m30s  04.67 iters/s
before   [  13% ] 009/050 VUs  0m27.9s/3m30s  04.67 iters/s

running (0m28.9s), 007/100 VUs, 131 complete and 0 interrupted iterations
after    [  14% ] 000/050 VUs  0m28.9s/3m30s  04.81 iters/s
before   [  14% ] 007/050 VUs  0m28.9s/3m30s  04.81 iters/s

running (0m29.9s), 008/100 VUs, 140 complete and 0 interrupted iterations
after    [  14% ] 000/050 VUs  0m29.9s/3m30s  04.98 iters/s
before   [  14% ] 008/050 VUs  0m29.9s/3m30s  04.98 iters/s

running (0m30.9s), 009/100 VUs, 149 complete and 0 interrupted iterations
after    [  15% ] 000/050 VUs  0m30.9s/3m30s  05.15 iters/s
before   [  15% ] 009/050 VUs  0m30.9s/3m30s  05.15 iters/s

running (0m31.9s), 013/100 VUs, 157 complete and 0 interrupted iterations
after    [  15% ] 001/050 VUs  0m31.9s/3m30s  05.34 iters/s
before   [  15% ] 012/050 VUs  0m31.9s/3m30s  05.34 iters/s

running (0m32.9s), 017/100 VUs, 163 complete and 0 interrupted iterations
after    [  16% ] 000/050 VUs  0m32.9s/3m30s  05.49 iters/s
before   [  16% ] 017/050 VUs  0m32.9s/3m30s  05.49 iters/s

running (0m33.9s), 019/100 VUs, 173 complete and 0 interrupted iterations
after    [  16% ] 001/050 VUs  0m33.9s/3m30s  05.67 iters/s
before   [  16% ] 018/050 VUs  0m33.9s/3m30s  05.67 iters/s

running (0m34.9s), 018/100 VUs, 184 complete and 0 interrupted iterations
after    [  17% ] 000/050 VUs  0m34.9s/3m30s  05.82 iters/s
before   [  17% ] 018/050 VUs  0m34.9s/3m30s  05.82 iters/s

running (0m35.9s), 018/100 VUs, 196 complete and 0 interrupted iterations
after    [  17% ] 000/050 VUs  0m35.9s/3m30s  05.99 iters/s
before   [  17% ] 018/050 VUs  0m35.9s/3m30s  05.99 iters/s

running (0m36.9s), 021/100 VUs, 205 complete and 0 interrupted iterations
after    [  18% ] 000/050 VUs  0m36.9s/3m30s  06.15 iters/s
before   [  18% ] 021/050 VUs  0m36.9s/3m30s  06.15 iters/s

running (0m37.9s), 022/100 VUs, 216 complete and 0 interrupted iterations
after    [  18% ] 000/050 VUs  0m37.9s/3m30s  06.31 iters/s
before   [  18% ] 022/050 VUs  0m37.9s/3m30s  06.31 iters/s

running (0m38.9s), 025/100 VUs, 227 complete and 0 interrupted iterations
after    [  19% ] 000/050 VUs  0m38.9s/3m30s  06.49 iters/s
before   [  19% ] 025/050 VUs  0m38.9s/3m30s  06.49 iters/s

running (0m39.9s), 025/100 VUs, 239 complete and 0 interrupted iterations
after    [  19% ] 000/050 VUs  0m39.9s/3m30s  06.65 iters/s
before   [  19% ] 025/050 VUs  0m39.9s/3m30s  06.65 iters/s

running (0m40.9s), 029/100 VUs, 249 complete and 0 interrupted iterations
after    [  19% ] 000/050 VUs  0m40.9s/3m30s  06.82 iters/s
before   [  19% ] 029/050 VUs  0m40.9s/3m30s  06.82 iters/s

running (0m41.9s), 034/100 VUs, 258 complete and 0 interrupted iterations
after    [  20% ] 000/050 VUs  0m41.9s/3m30s  06.99 iters/s
before   [  20% ] 034/050 VUs  0m41.9s/3m30s  06.99 iters/s

running (0m42.9s), 036/100 VUs, 270 complete and 0 interrupted iterations
after    [  20% ] 000/050 VUs  0m42.9s/3m30s  07.15 iters/s
before   [  20% ] 036/050 VUs  0m42.9s/3m30s  07.15 iters/s

running (0m43.9s), 042/100 VUs, 278 complete and 0 interrupted iterations
after    [  21% ] 000/050 VUs  0m43.9s/3m30s  07.31 iters/s
before   [  21% ] 042/050 VUs  0m43.9s/3m30s  07.31 iters/s

running (0m44.9s), 046/100 VUs, 290 complete and 0 interrupted iterations
after    [  21% ] 000/050 VUs  0m44.9s/3m30s  07.49 iters/s
before   [  21% ] 046/050 VUs  0m44.9s/3m30s  07.49 iters/s

running (0m45.9s), 051/101 VUs, 298 complete and 0 interrupted iterations
after    [  22% ] 000/050 VUs  0m45.9s/3m30s  07.65 iters/s
before   [  22% ] 051/051 VUs  0m45.9s/3m30s  07.65 iters/s

running (0m46.9s), 050/103 VUs, 313 complete and 0 interrupted iterations
after    [  22% ] 000/050 VUs  0m46.9s/3m30s  07.82 iters/s
before   [  22% ] 050/053 VUs  0m46.9s/3m30s  07.82 iters/s

running (0m47.9s), 053/104 VUs, 325 complete and 0 interrupted iterations
after    [  23% ] 000/050 VUs  0m47.9s/3m30s  07.99 iters/s
before   [  23% ] 053/054 VUs  0m47.9s/3m30s  07.99 iters/s

running (0m48.9s), 056/108 VUs, 334 complete and 0 interrupted iterations
after    [  23% ] 000/050 VUs  0m48.9s/3m30s  08.15 iters/s
before   [  23% ] 056/058 VUs  0m48.9s/3m30s  08.15 iters/s

running (0m49.9s), 057/110 VUs, 347 complete and 0 interrupted iterations
after    [  24% ] 000/050 VUs  0m49.9s/3m30s  08.32 iters/s
before   [  24% ] 057/060 VUs  0m49.9s/3m30s  08.32 iters/s

running (0m50.9s), 063/113 VUs, 356 complete and 0 interrupted iterations
after    [  24% ] 001/050 VUs  0m50.9s/3m30s  08.50 iters/s
before   [  24% ] 062/063 VUs  0m50.9s/3m30s  08.50 iters/s

running (0m51.9s), 064/114 VUs, 370 complete and 0 interrupted iterations
after    [  25% ] 000/050 VUs  0m51.9s/3m30s  08.65 iters/s
before   [  25% ] 064/064 VUs  0m51.9s/3m30s  08.65 iters/s

running (0m52.9s), 067/117 VUs, 382 complete and 0 interrupted iterations
after    [  25% ] 000/050 VUs  0m52.9s/3m30s  08.82 iters/s
before   [  25% ] 067/067 VUs  0m52.9s/3m30s  08.82 iters/s

running (0m53.9s), 070/120 VUs, 394 complete and 0 interrupted iterations
after    [  26% ] 001/050 VUs  0m53.9s/3m30s  08.99 iters/s
before   [  26% ] 069/070 VUs  0m53.9s/3m30s  08.99 iters/s

running (0m54.9s), 072/122 VUs, 408 complete and 0 interrupted iterations
after    [  26% ] 000/050 VUs  0m54.9s/3m30s  09.16 iters/s
before   [  26% ] 072/072 VUs  0m54.9s/3m30s  09.16 iters/s

running (0m55.9s), 076/126 VUs, 418 complete and 0 interrupted iterations
after    [  27% ] 000/050 VUs  0m55.9s/3m30s  09.32 iters/s
before   [  27% ] 076/076 VUs  0m55.9s/3m30s  09.32 iters/s

running (0m56.9s), 080/129 VUs, 431 complete and 0 interrupted iterations
after    [  27% ] 001/050 VUs  0m56.9s/3m30s  09.50 iters/s
before   [  27% ] 079/079 VUs  0m56.9s/3m30s  09.50 iters/s

running (0m57.9s), 083/133 VUs, 442 complete and 0 interrupted iterations
after    [  28% ] 000/050 VUs  0m57.9s/3m30s  09.65 iters/s
before   [  28% ] 083/083 VUs  0m57.9s/3m30s  09.65 iters/s

running (0m58.9s), 082/136 VUs, 460 complete and 0 interrupted iterations
after    [  28% ] 001/050 VUs  0m58.9s/3m30s  09.82 iters/s
before   [  28% ] 081/086 VUs  0m58.9s/3m30s  09.82 iters/s

running (0m59.9s), 088/138 VUs, 472 complete and 0 interrupted iterations
after    [  29% ] 001/050 VUs  0m59.9s/3m30s  09.99 iters/s
before   [  29% ] 087/088 VUs  0m59.9s/3m30s  09.99 iters/s

running (1m00.9s), 087/138 VUs, 493 complete and 0 interrupted iterations
after    [  29% ] 000/050 VUs  1m00.9s/3m30s  10.00 iters/s
before   [  29% ] 087/088 VUs  1m00.9s/3m30s  10.00 iters/s

running (1m01.9s), 090/140 VUs, 508 complete and 0 interrupted iterations
after    [  29% ] 000/050 VUs  1m01.9s/3m30s  10.00 iters/s
before   [  29% ] 090/090 VUs  1m01.9s/3m30s  10.00 iters/s

running (1m02.9s), 092/142 VUs, 524 complete and 0 interrupted iterations
after    [  30% ] 000/050 VUs  1m02.9s/3m30s  10.00 iters/s
before   [  30% ] 092/092 VUs  1m02.9s/3m30s  10.00 iters/s

running (1m03.9s), 097/146 VUs, 535 complete and 0 interrupted iterations
after    [  30% ] 001/050 VUs  1m03.9s/3m30s  10.00 iters/s
before   [  30% ] 096/096 VUs  1m03.9s/3m30s  10.00 iters/s

running (1m04.9s), 097/149 VUs, 552 complete and 0 interrupted iterations
after    [  31% ] 000/050 VUs  1m04.9s/3m30s  10.00 iters/s
before   [  31% ] 097/099 VUs  1m04.9s/3m30s  10.00 iters/s

running (1m05.9s), 102/152 VUs, 564 complete and 0 interrupted iterations
after    [  31% ] 000/050 VUs  1m05.9s/3m30s  10.00 iters/s
before   [  31% ] 102/102 VUs  1m05.9s/3m30s  10.00 iters/s

running (1m06.9s), 106/156 VUs, 576 complete and 0 interrupted iterations
after    [  32% ] 000/050 VUs  1m06.9s/3m30s  10.00 iters/s
before   [  32% ] 106/106 VUs  1m06.9s/3m30s  10.00 iters/s

running (1m07.9s), 109/160 VUs, 589 complete and 0 interrupted iterations
after    [  32% ] 000/050 VUs  1m07.9s/3m30s  10.00 iters/s
before   [  32% ] 109/110 VUs  1m07.9s/3m30s  10.00 iters/s

running (1m08.9s), 111/162 VUs, 605 complete and 0 interrupted iterations
after    [  33% ] 000/050 VUs  1m08.9s/3m30s  10.00 iters/s
before   [  33% ] 111/112 VUs  1m08.9s/3m30s  10.00 iters/s

running (1m09.9s), 114/165 VUs, 619 complete and 0 interrupted iterations
after    [  33% ] 000/050 VUs  1m09.9s/3m30s  10.00 iters/s
before   [  33% ] 114/115 VUs  1m09.9s/3m30s  10.00 iters/s

running (1m10.9s), 117/166 VUs, 635 complete and 0 interrupted iterations
after    [  34% ] 001/050 VUs  1m10.9s/3m30s  10.00 iters/s
before   [  34% ] 116/116 VUs  1m10.9s/3m30s  10.00 iters/s

running (1m11.9s), 118/168 VUs, 652 complete and 0 interrupted iterations
after    [  34% ] 001/050 VUs  1m11.9s/3m30s  10.00 iters/s
before   [  34% ] 117/118 VUs  1m11.9s/3m30s  10.00 iters/s

running (1m12.9s), 120/171 VUs, 667 complete and 0 interrupted iterations
after    [  35% ] 000/050 VUs  1m12.9s/3m30s  10.00 iters/s
before   [  35% ] 120/121 VUs  1m12.9s/3m30s  10.00 iters/s

running (1m13.9s), 121/173 VUs, 684 complete and 0 interrupted iterations
after    [  35% ] 000/050 VUs  1m13.9s/3m30s  10.00 iters/s
before   [  35% ] 121/123 VUs  1m13.9s/3m30s  10.00 iters/s

running (1m14.9s), 125/176 VUs, 697 complete and 0 interrupted iterations
after    [  36% ] 000/050 VUs  1m14.9s/3m30s  10.00 iters/s
before   [  36% ] 125/126 VUs  1m14.9s/3m30s  10.00 iters/s

running (1m15.9s), 129/179 VUs, 710 complete and 0 interrupted iterations
after    [  36% ] 001/050 VUs  1m15.9s/3m30s  10.00 iters/s
before   [  36% ] 128/129 VUs  1m15.9s/3m30s  10.00 iters/s

running (1m16.9s), 128/180 VUs, 730 complete and 0 interrupted iterations
after    [  37% ] 000/050 VUs  1m16.9s/3m30s  10.00 iters/s
before   [  37% ] 128/130 VUs  1m16.9s/3m30s  10.00 iters/s

running (1m17.9s), 125/180 VUs, 753 complete and 0 interrupted iterations
after    [  37% ] 000/050 VUs  1m17.9s/3m30s  10.00 iters/s
before   [  37% ] 125/130 VUs  1m17.9s/3m30s  10.00 iters/s

running (1m18.9s), 122/180 VUs, 776 complete and 0 interrupted iterations
after    [  38% ] 000/050 VUs  1m18.9s/3m30s  10.00 iters/s
before   [  38% ] 122/130 VUs  1m18.9s/3m30s  10.00 iters/s

running (1m19.9s), 119/180 VUs, 799 complete and 0 interrupted iterations
after    [  38% ] 000/050 VUs  1m19.9s/3m30s  10.00 iters/s
before   [  38% ] 119/130 VUs  1m19.9s/3m30s  10.00 iters/s

running (1m20.9s), 110/180 VUs, 828 complete and 0 interrupted iterations
after    [  39% ] 000/050 VUs  1m20.9s/3m30s  10.00 iters/s
before   [  39% ] 110/130 VUs  1m20.9s/3m30s  10.00 iters/s

running (1m21.9s), 105/180 VUs, 853 complete and 0 interrupted iterations
after    [  39% ] 000/050 VUs  1m21.9s/3m30s  10.00 iters/s
before   [  39% ] 105/130 VUs  1m21.9s/3m30s  10.00 iters/s

running (1m22.9s), 101/180 VUs, 877 complete and 0 interrupted iterations
after    [  39% ] 001/050 VUs  1m22.9s/3m30s  10.00 iters/s
before   [  39% ] 100/130 VUs  1m22.9s/3m30s  10.00 iters/s

running (1m23.9s), 093/180 VUs, 905 complete and 0 interrupted iterations
after    [  40% ] 001/050 VUs  1m23.9s/3m30s  10.00 iters/s
before   [  40% ] 092/130 VUs  1m23.9s/3m30s  10.00 iters/s

running (1m24.9s), 088/180 VUs, 930 complete and 0 interrupted iterations
after    [  40% ] 000/050 VUs  1m24.9s/3m30s  10.00 iters/s
before   [  40% ] 088/130 VUs  1m24.9s/3m30s  10.00 iters/s

running (1m25.9s), 083/180 VUs, 955 complete and 0 interrupted iterations
after    [  41% ] 000/050 VUs  1m25.9s/3m30s  10.00 iters/s
before   [  41% ] 083/130 VUs  1m25.9s/3m30s  10.00 iters/s

running (1m26.9s), 081/180 VUs, 977 complete and 0 interrupted iterations
after    [  41% ] 000/050 VUs  1m26.9s/3m30s  10.00 iters/s
before   [  41% ] 081/130 VUs  1m26.9s/3m30s  10.00 iters/s

running (1m27.9s), 078/180 VUs, 1000 complete and 0 interrupted iterations
after    [  42% ] 001/050 VUs  1m27.9s/3m30s  10.00 iters/s
before   [  42% ] 077/130 VUs  1m27.9s/3m30s  10.00 iters/s

running (1m28.9s), 074/180 VUs, 1024 complete and 0 interrupted iterations
after    [  42% ] 000/050 VUs  1m28.9s/3m30s  10.00 iters/s
before   [  42% ] 074/130 VUs  1m28.9s/3m30s  10.00 iters/s

running (1m29.9s), 070/180 VUs, 1048 complete and 0 interrupted iterations
after    [  43% ] 000/050 VUs  1m29.9s/3m30s  10.00 iters/s
before   [  43% ] 070/130 VUs  1m29.9s/3m30s  10.00 iters/s

running (1m30.9s), 068/180 VUs, 1070 complete and 0 interrupted iterations
after    [  43% ] 000/050 VUs  1m30.9s/3m30s  10.00 iters/s
before   [  43% ] 068/130 VUs  1m30.9s/3m30s  10.00 iters/s

running (1m31.9s), 063/180 VUs, 1095 complete and 0 interrupted iterations
after    [  44% ] 000/050 VUs  1m31.9s/3m30s  10.00 iters/s
before   [  44% ] 063/130 VUs  1m31.9s/3m30s  10.00 iters/s

running (1m32.9s), 057/180 VUs, 1121 complete and 0 interrupted iterations
after    [  44% ] 000/050 VUs  1m32.9s/3m30s  10.00 iters/s
before   [  44% ] 057/130 VUs  1m32.9s/3m30s  10.00 iters/s

running (1m33.9s), 051/180 VUs, 1147 complete and 0 interrupted iterations
after    [  45% ] 000/050 VUs  1m33.9s/3m30s  10.00 iters/s
before   [  45% ] 051/130 VUs  1m33.9s/3m30s  10.00 iters/s

running (1m34.9s), 049/180 VUs, 1169 complete and 0 interrupted iterations
after    [  45% ] 001/050 VUs  1m34.9s/3m30s  10.00 iters/s
before   [  45% ] 048/130 VUs  1m34.9s/3m30s  10.00 iters/s

running (1m35.9s), 041/180 VUs, 1197 complete and 0 interrupted iterations
after    [  46% ] 001/050 VUs  1m35.9s/3m30s  10.00 iters/s
before   [  46% ] 040/130 VUs  1m35.9s/3m30s  10.00 iters/s

running (1m36.9s), 035/180 VUs, 1223 complete and 0 interrupted iterations
after    [  46% ] 000/050 VUs  1m36.9s/3m30s  10.00 iters/s
before   [  46% ] 035/130 VUs  1m36.9s/3m30s  10.00 iters/s

running (1m37.9s), 031/180 VUs, 1247 complete and 0 interrupted iterations
after    [  47% ] 000/050 VUs  1m37.9s/3m30s  10.00 iters/s
before   [  47% ] 031/130 VUs  1m37.9s/3m30s  10.00 iters/s

running (1m38.9s), 023/180 VUs, 1275 complete and 0 interrupted iterations
after    [  47% ] 000/050 VUs  1m38.9s/3m30s  10.00 iters/s
before   [  47% ] 023/130 VUs  1m38.9s/3m30s  10.00 iters/s

running (1m39.9s), 020/180 VUs, 1298 complete and 0 interrupted iterations
after    [  48% ] 001/050 VUs  1m39.9s/3m30s  10.00 iters/s
before   [  48% ] 019/130 VUs  1m39.9s/3m30s  10.00 iters/s

running (1m40.9s), 014/180 VUs, 1324 complete and 0 interrupted iterations
after    [  48% ] 000/050 VUs  1m40.9s/3m30s  10.00 iters/s
before   [  48% ] 014/130 VUs  1m40.9s/3m30s  10.00 iters/s

running (1m41.9s), 010/180 VUs, 1348 complete and 0 interrupted iterations
after    [  49% ] 000/050 VUs  1m41.9s/3m30s  10.00 iters/s
before   [  49% ] 010/130 VUs  1m41.9s/3m30s  10.00 iters/s

running (1m42.9s), 009/180 VUs, 1369 complete and 0 interrupted iterations
after    [  49% ] 000/050 VUs  1m42.9s/3m30s  10.00 iters/s
before   [  49% ] 009/130 VUs  1m42.9s/3m30s  10.00 iters/s

running (1m43.9s), 006/180 VUs, 1392 complete and 0 interrupted iterations
after    [  49% ] 000/050 VUs  1m43.9s/3m30s  10.00 iters/s
before   [  49% ] 006/130 VUs  1m43.9s/3m30s  10.00 iters/s

running (1m44.9s), 009/180 VUs, 1409 complete and 0 interrupted iterations
after    [  50% ] 000/050 VUs  1m44.9s/3m30s  10.00 iters/s
before   [  50% ] 009/130 VUs  1m44.9s/3m30s  10.00 iters/s

running (1m45.9s), 009/180 VUs, 1429 complete and 0 interrupted iterations
after    [  50% ] 000/050 VUs  1m45.9s/3m30s  10.00 iters/s
before   [  50% ] 009/130 VUs  1m45.9s/3m30s  10.00 iters/s

running (1m46.9s), 015/180 VUs, 1443 complete and 0 interrupted iterations
after    [  51% ] 001/050 VUs  1m46.9s/3m30s  10.00 iters/s
before   [  51% ] 014/130 VUs  1m46.9s/3m30s  10.00 iters/s

running (1m47.9s), 019/180 VUs, 1459 complete and 0 interrupted iterations
after    [  51% ] 001/050 VUs  1m47.9s/3m30s  10.00 iters/s
before   [  51% ] 018/130 VUs  1m47.9s/3m30s  10.00 iters/s

running (1m48.9s), 022/180 VUs, 1476 complete and 0 interrupted iterations
after    [  52% ] 000/050 VUs  1m48.9s/3m30s  10.00 iters/s
before   [  52% ] 022/130 VUs  1m48.9s/3m30s  10.00 iters/s

running (1m49.9s), 030/180 VUs, 1488 complete and 0 interrupted iterations
after    [  52% ] 000/050 VUs  1m49.9s/3m30s  10.00 iters/s
before   [  52% ] 030/130 VUs  1m49.9s/3m30s  10.00 iters/s

running (1m50.9s), 033/180 VUs, 1505 complete and 0 interrupted iterations
after    [  53% ] 000/050 VUs  1m50.9s/3m30s  10.00 iters/s
before   [  53% ] 033/130 VUs  1m50.9s/3m30s  10.00 iters/s

running (1m51.9s), 042/180 VUs, 1516 complete and 0 interrupted iterations
after    [  53% ] 001/050 VUs  1m51.9s/3m30s  10.00 iters/s
before   [  53% ] 041/130 VUs  1m51.9s/3m30s  10.00 iters/s

running (1m52.9s), 047/180 VUs, 1531 complete and 0 interrupted iterations
after    [  54% ] 000/050 VUs  1m52.9s/3m30s  10.00 iters/s
before   [  54% ] 047/130 VUs  1m52.9s/3m30s  10.00 iters/s

running (1m53.9s), 051/180 VUs, 1547 complete and 0 interrupted iterations
after    [  54% ] 000/050 VUs  1m53.9s/3m30s  10.00 iters/s
before   [  54% ] 051/130 VUs  1m53.9s/3m30s  10.00 iters/s

running (1m54.9s), 059/180 VUs, 1559 complete and 0 interrupted iterations
after    [  55% ] 000/050 VUs  1m54.9s/3m30s  10.00 iters/s
before   [  55% ] 059/130 VUs  1m54.9s/3m30s  10.00 iters/s

running (1m55.9s), 067/180 VUs, 1571 complete and 0 interrupted iterations
after    [  55% ] 000/050 VUs  1m55.9s/3m30s  10.00 iters/s
before   [  55% ] 067/130 VUs  1m55.9s/3m30s  10.00 iters/s

running (1m56.9s), 075/180 VUs, 1583 complete and 0 interrupted iterations
after    [  56% ] 000/050 VUs  1m56.9s/3m30s  10.00 iters/s
before   [  56% ] 075/130 VUs  1m56.9s/3m30s  10.00 iters/s

running (1m57.9s), 082/180 VUs, 1596 complete and 0 interrupted iterations
after    [  56% ] 000/050 VUs  1m57.9s/3m30s  10.00 iters/s
before   [  56% ] 082/130 VUs  1m57.9s/3m30s  10.00 iters/s

running (1m58.9s), 090/180 VUs, 1608 complete and 0 interrupted iterations
after    [  57% ] 001/050 VUs  1m58.9s/3m30s  10.00 iters/s
before   [  57% ] 089/130 VUs  1m58.9s/3m30s  10.00 iters/s

running (1m59.9s), 099/180 VUs, 1619 complete and 0 interrupted iterations
after    [  57% ] 001/050 VUs  1m59.9s/3m30s  10.00 iters/s
before   [  57% ] 098/130 VUs  1m59.9s/3m30s  10.00 iters/s

running (2m00.9s), 104/180 VUs, 1634 complete and 0 interrupted iterations
after    [  58% ] 000/050 VUs  2m00.9s/3m30s  10.00 iters/s
before   [  58% ] 104/130 VUs  2m00.9s/3m30s  10.00 iters/s

running (2m01.9s), 110/180 VUs, 1648 complete and 0 interrupted iterations
after    [  58% ] 000/050 VUs  2m01.9s/3m30s  10.00 iters/s
before   [  58% ] 110/130 VUs  2m01.9s/3m30s  10.00 iters/s

running (2m02.9s), 114/180 VUs, 1664 complete and 0 interrupted iterations
after    [  59% ] 000/050 VUs  2m02.9s/3m30s  10.00 iters/s
before   [  59% ] 114/130 VUs  2m02.9s/3m30s  10.00 iters/s

running (2m03.9s), 123/180 VUs, 1675 complete and 0 interrupted iterations
after    [  59% ] 001/050 VUs  2m03.9s/3m30s  10.00 iters/s
before   [  59% ] 122/130 VUs  2m03.9s/3m30s  10.00 iters/s

running (2m04.9s), 121/180 VUs, 1697 complete and 0 interrupted iterations
after    [  59% ] 000/050 VUs  2m04.9s/3m30s  10.00 iters/s
before   [  59% ] 121/130 VUs  2m04.9s/3m30s  10.00 iters/s

running (2m05.9s), 121/180 VUs, 1717 complete and 0 interrupted iterations
after    [  60% ] 000/050 VUs  2m05.9s/3m30s  10.00 iters/s
before   [  60% ] 121/130 VUs  2m05.9s/3m30s  10.00 iters/s

running (2m06.9s), 127/180 VUs, 1731 complete and 0 interrupted iterations
after    [  60% ] 000/050 VUs  2m06.9s/3m30s  10.00 iters/s
before   [  60% ] 127/130 VUs  2m06.9s/3m30s  10.00 iters/s

running (2m07.9s), 129/182 VUs, 1747 complete and 0 interrupted iterations
after    [  61% ] 000/050 VUs  2m07.9s/3m30s  10.00 iters/s
before   [  61% ] 129/132 VUs  2m07.9s/3m30s  10.00 iters/s

running (2m08.9s), 132/182 VUs, 1764 complete and 0 interrupted iterations
after    [  61% ] 000/050 VUs  2m08.9s/3m30s  10.00 iters/s
before   [  61% ] 132/132 VUs  2m08.9s/3m30s  10.00 iters/s

running (2m09.9s), 134/185 VUs, 1779 complete and 0 interrupted iterations
after    [  62% ] 000/050 VUs  2m09.9s/3m30s  10.00 iters/s
before   [  62% ] 134/135 VUs  2m09.9s/3m30s  10.00 iters/s

running (2m10.9s), 138/187 VUs, 1793 complete and 0 interrupted iterations
after    [  62% ] 001/050 VUs  2m10.9s/3m30s  10.00 iters/s
before   [  62% ] 137/137 VUs  2m10.9s/3m30s  10.00 iters/s

running (2m11.9s), 141/190 VUs, 1807 complete and 0 interrupted iterations
after    [  63% ] 001/050 VUs  2m11.9s/3m30s  10.00 iters/s
before   [  63% ] 140/140 VUs  2m11.9s/3m30s  10.00 iters/s

running (2m12.9s), 142/193 VUs, 1823 complete and 0 interrupted iterations
after    [  63% ] 000/050 VUs  2m12.9s/3m30s  10.00 iters/s
before   [  63% ] 142/143 VUs  2m12.9s/3m30s  10.00 iters/s

running (2m13.9s), 146/197 VUs, 1835 complete and 0 interrupted iterations
after    [  64% ] 000/050 VUs  2m13.9s/3m30s  10.00 iters/s
before   [  64% ] 146/147 VUs  2m13.9s/3m30s  10.00 iters/s

running (2m14.9s), 149/199 VUs, 1850 complete and 0 interrupted iterations
after    [  64% ] 000/050 VUs  2m14.9s/3m30s  10.00 iters/s
before   [  64% ] 149/149 VUs  2m14.9s/3m30s  10.00 iters/s

running (2m15.9s), 154/203 VUs, 1861 complete and 0 interrupted iterations
after    [  65% ] 001/050 VUs  2m15.9s/3m30s  10.00 iters/s
before   [  65% ] 153/153 VUs  2m15.9s/3m30s  10.00 iters/s

running (2m16.9s), 157/207 VUs, 1874 complete and 0 interrupted iterations
after    [  65% ] 000/050 VUs  2m16.9s/3m30s  10.00 iters/s
before   [  65% ] 157/157 VUs  2m16.9s/3m30s  10.00 iters/s

running (2m17.9s), 159/210 VUs, 1889 complete and 0 interrupted iterations
after    [  66% ] 000/050 VUs  2m17.9s/3m30s  10.00 iters/s
before   [  66% ] 159/160 VUs  2m17.9s/3m30s  10.00 iters/s

running (2m18.9s), 159/211 VUs, 1908 complete and 0 interrupted iterations
after    [  66% ] 000/050 VUs  2m18.9s/3m30s  10.00 iters/s
before   [  66% ] 159/161 VUs  2m18.9s/3m30s  10.00 iters/s

running (2m19.9s), 154/211 VUs, 1933 complete and 0 interrupted iterations
after    [  67% ] 000/050 VUs  2m19.9s/3m30s  10.00 iters/s
before   [  67% ] 154/161 VUs  2m19.9s/3m30s  10.00 iters/s

running (2m20.9s), 150/211 VUs, 1957 complete and 0 interrupted iterations
after    [  67% ] 000/050 VUs  2m20.9s/3m30s  10.00 iters/s
before   [  67% ] 150/161 VUs  2m20.9s/3m30s  10.00 iters/s

running (2m21.9s), 146/211 VUs, 1981 complete and 0 interrupted iterations
after    [  68% ] 000/050 VUs  2m21.9s/3m30s  10.00 iters/s
before   [  68% ] 146/161 VUs  2m21.9s/3m30s  10.00 iters/s

running (2m22.9s), 144/211 VUs, 2003 complete and 0 interrupted iterations
after    [  68% ] 001/050 VUs  2m22.9s/3m30s  10.00 iters/s
before   [  68% ] 143/161 VUs  2m22.9s/3m30s  10.00 iters/s

running (2m23.9s), 139/211 VUs, 2028 complete and 0 interrupted iterations
after    [  69% ] 001/050 VUs  2m23.9s/3m30s  10.00 iters/s
before   [  69% ] 138/161 VUs  2m23.9s/3m30s  10.00 iters/s

running (2m24.9s), 134/211 VUs, 2053 complete and 0 interrupted iterations
after    [  69% ] 000/050 VUs  2m24.9s/3m30s  10.00 iters/s
before   [  69% ] 134/161 VUs  2m24.9s/3m30s  10.00 iters/s

running (2m25.9s), 131/211 VUs, 2076 complete and 0 interrupted iterations
after    [  69% ] 000/050 VUs  2m25.9s/3m30s  10.00 iters/s
before   [  69% ] 131/161 VUs  2m25.9s/3m30s  10.00 iters/s

running (2m26.9s), 126/211 VUs, 2101 complete and 0 interrupted iterations
after    [  70% ] 000/050 VUs  2m26.9s/3m30s  10.00 iters/s
before   [  70% ] 126/161 VUs  2m26.9s/3m30s  10.00 iters/s

running (2m27.9s), 121/211 VUs, 2126 complete and 0 interrupted iterations
after    [  70% ] 001/050 VUs  2m27.9s/3m30s  10.00 iters/s
before   [  70% ] 120/161 VUs  2m27.9s/3m30s  10.00 iters/s

running (2m28.9s), 115/211 VUs, 2152 complete and 0 interrupted iterations
after    [  71% ] 000/050 VUs  2m28.9s/3m30s  10.00 iters/s
before   [  71% ] 115/161 VUs  2m28.9s/3m30s  10.00 iters/s

running (2m29.9s), 109/211 VUs, 2178 complete and 0 interrupted iterations
after    [  71% ] 000/050 VUs  2m29.9s/3m30s  10.00 iters/s
before   [  71% ] 109/161 VUs  2m29.9s/3m30s  10.00 iters/s

running (2m30.9s), 105/211 VUs, 2202 complete and 0 interrupted iterations
after    [  72% ] 000/050 VUs  2m30.9s/3m30s  10.00 iters/s
before   [  72% ] 105/161 VUs  2m30.9s/3m30s  10.00 iters/s

running (2m31.9s), 101/211 VUs, 2226 complete and 0 interrupted iterations
after    [  72% ] 000/050 VUs  2m31.9s/3m30s  10.00 iters/s
before   [  72% ] 101/161 VUs  2m31.9s/3m30s  10.00 iters/s

running (2m32.9s), 099/211 VUs, 2248 complete and 0 interrupted iterations
after    [  73% ] 000/050 VUs  2m32.9s/3m30s  10.00 iters/s
before   [  73% ] 099/161 VUs  2m32.9s/3m30s  10.00 iters/s

running (2m33.9s), 095/211 VUs, 2272 complete and 0 interrupted iterations
after    [  73% ] 000/050 VUs  2m33.9s/3m30s  10.00 iters/s
before   [  73% ] 095/161 VUs  2m33.9s/3m30s  10.00 iters/s

running (2m34.9s), 090/211 VUs, 2297 complete and 0 interrupted iterations
after    [  74% ] 001/050 VUs  2m34.9s/3m30s  10.00 iters/s
before   [  74% ] 089/161 VUs  2m34.9s/3m30s  10.00 iters/s

running (2m35.9s), 087/211 VUs, 2320 complete and 0 interrupted iterations
after    [  74% ] 001/050 VUs  2m35.9s/3m30s  10.00 iters/s
before   [  74% ] 086/161 VUs  2m35.9s/3m30s  10.00 iters/s

running (2m36.9s), 083/211 VUs, 2344 complete and 0 interrupted iterations
after    [  75% ] 000/050 VUs  2m36.9s/3m30s  10.00 iters/s
before   [  75% ] 083/161 VUs  2m36.9s/3m30s  10.00 iters/s

running (2m37.9s), 076/211 VUs, 2371 complete and 0 interrupted iterations
after    [  75% ] 000/050 VUs  2m37.9s/3m30s  10.00 iters/s
before   [  75% ] 076/161 VUs  2m37.9s/3m30s  10.00 iters/s

running (2m38.9s), 069/211 VUs, 2398 complete and 0 interrupted iterations
after    [  76% ] 000/050 VUs  2m38.9s/3m30s  10.00 iters/s
before   [  76% ] 069/161 VUs  2m38.9s/3m30s  10.00 iters/s

running (2m39.9s), 065/211 VUs, 2422 complete and 0 interrupted iterations
after    [  76% ] 001/050 VUs  2m39.9s/3m30s  10.00 iters/s
before   [  76% ] 064/161 VUs  2m39.9s/3m30s  10.00 iters/s

running (2m40.9s), 056/211 VUs, 2451 complete and 0 interrupted iterations
after    [  77% ] 000/050 VUs  2m40.9s/3m30s  10.00 iters/s
before   [  77% ] 056/161 VUs  2m40.9s/3m30s  10.00 iters/s

running (2m41.9s), 053/211 VUs, 2474 complete and 0 interrupted iterations
after    [  77% ] 000/050 VUs  2m41.9s/3m30s  10.00 iters/s
before   [  77% ] 053/161 VUs  2m41.9s/3m30s  10.00 iters/s

running (2m42.9s), 049/211 VUs, 2498 complete and 0 interrupted iterations
after    [  78% ] 000/050 VUs  2m42.9s/3m30s  10.00 iters/s
before   [  78% ] 049/161 VUs  2m42.9s/3m30s  10.00 iters/s

running (2m43.9s), 045/211 VUs, 2522 complete and 0 interrupted iterations
after    [  78% ] 000/050 VUs  2m43.9s/3m30s  10.00 iters/s
before   [  78% ] 045/161 VUs  2m43.9s/3m30s  10.00 iters/s

running (2m44.9s), 042/211 VUs, 2545 complete and 0 interrupted iterations
after    [  79% ] 000/050 VUs  2m44.9s/3m30s  10.00 iters/s
before   [  79% ] 042/161 VUs  2m44.9s/3m30s  10.00 iters/s

running (2m45.9s), 034/211 VUs, 2573 complete and 0 interrupted iterations
after    [  79% ] 000/050 VUs  2m45.9s/3m30s  10.00 iters/s
before   [  79% ] 034/161 VUs  2m45.9s/3m30s  10.00 iters/s

running (2m46.9s), 031/211 VUs, 2596 complete and 0 interrupted iterations
after    [  79% ] 001/050 VUs  2m46.9s/3m30s  10.00 iters/s
before   [  79% ] 030/161 VUs  2m46.9s/3m30s  10.00 iters/s

running (2m47.9s), 030/211 VUs, 2617 complete and 0 interrupted iterations
after    [  80% ] 001/050 VUs  2m47.9s/3m30s  10.00 iters/s
before   [  80% ] 029/161 VUs  2m47.9s/3m30s  10.00 iters/s

running (2m48.9s), 021/211 VUs, 2646 complete and 0 interrupted iterations
after    [  80% ] 000/050 VUs  2m48.9s/3m30s  10.00 iters/s
before   [  80% ] 021/161 VUs  2m48.9s/3m30s  10.00 iters/s

running (2m49.9s), 017/211 VUs, 2670 complete and 0 interrupted iterations
after    [  81% ] 000/050 VUs  2m49.9s/3m30s  10.00 iters/s
before   [  81% ] 017/161 VUs  2m49.9s/3m30s  10.00 iters/s

running (2m50.9s), 021/211 VUs, 2686 complete and 0 interrupted iterations
after    [  81% ] 000/050 VUs  2m50.9s/3m30s  10.00 iters/s
before   [  81% ] 021/161 VUs  2m50.9s/3m30s  10.00 iters/s

running (2m51.9s), 028/211 VUs, 2699 complete and 0 interrupted iterations
after    [  82% ] 001/050 VUs  2m51.9s/3m30s  10.00 iters/s
before   [  82% ] 027/161 VUs  2m51.9s/3m30s  10.00 iters/s

running (2m52.9s), 034/211 VUs, 2713 complete and 0 interrupted iterations
after    [  82% ] 000/050 VUs  2m52.9s/3m30s  10.00 iters/s
before   [  82% ] 034/161 VUs  2m52.9s/3m30s  10.00 iters/s

running (2m53.9s), 040/211 VUs, 2727 complete and 0 interrupted iterations
after    [  83% ] 000/050 VUs  2m53.9s/3m30s  10.00 iters/s
before   [  83% ] 040/161 VUs  2m53.9s/3m30s  10.00 iters/s

running (2m54.9s), 046/211 VUs, 2741 complete and 0 interrupted iterations
after    [  83% ] 000/050 VUs  2m54.9s/3m30s  10.00 iters/s
before   [  83% ] 046/161 VUs  2m54.9s/3m30s  10.00 iters/s

running (2m55.9s), 051/211 VUs, 2756 complete and 0 interrupted iterations
after    [  84% ] 000/050 VUs  2m55.9s/3m30s  10.00 iters/s
before   [  84% ] 051/161 VUs  2m55.9s/3m30s  10.00 iters/s

running (2m56.9s), 058/211 VUs, 2769 complete and 0 interrupted iterations
after    [  84% ] 000/050 VUs  2m56.9s/3m30s  10.00 iters/s
before   [  84% ] 058/161 VUs  2m56.9s/3m30s  10.00 iters/s

running (2m57.9s), 063/211 VUs, 2784 complete and 0 interrupted iterations
after    [  85% ] 000/050 VUs  2m57.9s/3m30s  10.00 iters/s
before   [  85% ] 063/161 VUs  2m57.9s/3m30s  10.00 iters/s

running (2m58.9s), 071/211 VUs, 2796 complete and 0 interrupted iterations
after    [  85% ] 001/050 VUs  2m58.9s/3m30s  10.00 iters/s
before   [  85% ] 070/161 VUs  2m58.9s/3m30s  10.00 iters/s

running (2m59.9s), 078/211 VUs, 2809 complete and 0 interrupted iterations
after    [  86% ] 001/050 VUs  2m59.9s/3m30s  10.00 iters/s
before   [  86% ] 077/161 VUs  2m59.9s/3m30s  10.00 iters/s

running (3m00.9s), 084/211 VUs, 2823 complete and 0 interrupted iterations
after    [  86% ] 000/050 VUs  3m00.9s/3m30s  09.68 iters/s
before   [  86% ] 084/161 VUs  3m00.9s/3m30s  09.68 iters/s

running (3m01.9s), 087/211 VUs, 2838 complete and 0 interrupted iterations
after    [  87% ] 000/050 VUs  3m01.9s/3m30s  09.36 iters/s
before   [  87% ] 087/161 VUs  3m01.9s/3m30s  09.36 iters/s

running (3m02.9s), 092/211 VUs, 2851 complete and 0 interrupted iterations
after    [  87% ] 000/050 VUs  3m02.9s/3m30s  09.04 iters/s
before   [  87% ] 092/161 VUs  3m02.9s/3m30s  09.04 iters/s

running (3m03.9s), 099/211 VUs, 2862 complete and 0 interrupted iterations
after    [  88% ] 000/050 VUs  3m03.9s/3m30s  08.70 iters/s
before   [  88% ] 099/161 VUs  3m03.9s/3m30s  08.70 iters/s

running (3m04.9s), 101/211 VUs, 2878 complete and 0 interrupted iterations
after    [  88% ] 000/050 VUs  3m04.9s/3m30s  08.35 iters/s
before   [  88% ] 101/161 VUs  3m04.9s/3m30s  08.35 iters/s

running (3m05.9s), 108/211 VUs, 2887 complete and 0 interrupted iterations
after    [  89% ] 000/050 VUs  3m05.9s/3m30s  08.02 iters/s
before   [  89% ] 108/161 VUs  3m05.9s/3m30s  08.02 iters/s

running (3m06.9s), 113/211 VUs, 2898 complete and 0 interrupted iterations
after    [  89% ] 000/050 VUs  3m06.9s/3m30s  07.68 iters/s
before   [  89% ] 113/161 VUs  3m06.9s/3m30s  07.68 iters/s

running (3m07.9s), 112/211 VUs, 2913 complete and 0 interrupted iterations
after    [  89% ] 000/050 VUs  3m07.9s/3m30s  07.37 iters/s
before   [  89% ] 112/161 VUs  3m07.9s/3m30s  07.37 iters/s

running (3m08.9s), 113/211 VUs, 2928 complete and 0 interrupted iterations
after    [  90% ] 001/050 VUs  3m08.9s/3m30s  07.00 iters/s
before   [  90% ] 112/161 VUs  3m08.9s/3m30s  07.00 iters/s

running (3m09.9s), 115/211 VUs, 2938 complete and 0 interrupted iterations
after    [  90% ] 000/050 VUs  3m09.9s/3m30s  06.71 iters/s
before   [  90% ] 115/161 VUs  3m09.9s/3m30s  06.71 iters/s

running (3m10.9s), 118/211 VUs, 2949 complete and 0 interrupted iterations
after    [  91% ] 000/050 VUs  3m10.9s/3m30s  06.35 iters/s
before   [  91% ] 118/161 VUs  3m10.9s/3m30s  06.35 iters/s

running (3m11.9s), 121/211 VUs, 2958 complete and 0 interrupted iterations
after    [  91% ] 000/050 VUs  3m11.9s/3m30s  06.03 iters/s
before   [  91% ] 121/161 VUs  3m11.9s/3m30s  06.03 iters/s

running (3m12.9s), 121/211 VUs, 2970 complete and 0 interrupted iterations
after    [  92% ] 000/050 VUs  3m12.9s/3m30s  05.69 iters/s
before   [  92% ] 121/161 VUs  3m12.9s/3m30s  05.69 iters/s

running (3m13.9s), 126/211 VUs, 2977 complete and 0 interrupted iterations
after    [  92% ] 001/050 VUs  3m13.9s/3m30s  05.32 iters/s
before   [  92% ] 125/161 VUs  3m13.9s/3m30s  05.32 iters/s

running (3m14.9s), 125/211 VUs, 2988 complete and 0 interrupted iterations
after    [  93% ] 000/050 VUs  3m14.9s/3m30s  05.00 iters/s
before   [  93% ] 125/161 VUs  3m14.9s/3m30s  05.00 iters/s

running (3m15.9s), 126/211 VUs, 2997 complete and 0 interrupted iterations
after    [  93% ] 001/050 VUs  3m15.9s/3m30s  04.65 iters/s
before   [  93% ] 125/161 VUs  3m15.9s/3m30s  04.65 iters/s

running (3m16.9s), 125/211 VUs, 3006 complete and 0 interrupted iterations
after    [  94% ] 000/050 VUs  3m16.9s/3m30s  04.36 iters/s
before   [  94% ] 125/161 VUs  3m16.9s/3m30s  04.36 iters/s

running (3m17.9s), 127/211 VUs, 3012 complete and 0 interrupted iterations
after    [  94% ] 000/050 VUs  3m17.9s/3m30s  04.04 iters/s
before   [  94% ] 127/161 VUs  3m17.9s/3m30s  04.04 iters/s

running (3m18.9s), 120/211 VUs, 3027 complete and 0 interrupted iterations
after    [  95% ] 000/050 VUs  3m18.9s/3m30s  03.70 iters/s
before   [  95% ] 120/161 VUs  3m18.9s/3m30s  03.70 iters/s

running (3m19.9s), 121/211 VUs, 3034 complete and 0 interrupted iterations
after    [  95% ] 001/050 VUs  3m19.9s/3m30s  03.32 iters/s
before   [  95% ] 120/161 VUs  3m19.9s/3m30s  03.32 iters/s

running (3m20.9s), 121/211 VUs, 3040 complete and 0 interrupted iterations
after    [  96% ] 000/050 VUs  3m20.9s/3m30s  03.00 iters/s
before   [  96% ] 121/161 VUs  3m20.9s/3m30s  03.00 iters/s

running (3m21.9s), 117/211 VUs, 3050 complete and 0 interrupted iterations
after    [  96% ] 000/050 VUs  3m21.9s/3m30s  02.65 iters/s
before   [  96% ] 117/161 VUs  3m21.9s/3m30s  02.65 iters/s

running (3m22.9s), 113/211 VUs, 3058 complete and 0 interrupted iterations
after    [  97% ] 000/050 VUs  3m22.9s/3m30s  02.38 iters/s
before   [  97% ] 113/161 VUs  3m22.9s/3m30s  02.38 iters/s

running (3m23.9s), 111/211 VUs, 3064 complete and 0 interrupted iterations
after    [  97% ] 000/050 VUs  3m23.9s/3m30s  02.08 iters/s
before   [  97% ] 111/161 VUs  3m23.9s/3m30s  02.08 iters/s

running (3m24.9s), 108/211 VUs, 3071 complete and 0 interrupted iterations
after    [  98% ] 000/050 VUs  3m24.9s/3m30s  01.73 iters/s
before   [  98% ] 108/161 VUs  3m24.9s/3m30s  01.73 iters/s

running (3m25.9s), 104/211 VUs, 3079 complete and 0 interrupted iterations
after    [  98% ] 000/050 VUs  3m25.9s/3m30s  01.28 iters/s
before   [  98% ] 104/161 VUs  3m25.9s/3m30s  01.28 iters/s

running (3m26.9s), 099/211 VUs, 3086 complete and 0 interrupted iterations
after    [  99% ] 000/050 VUs  3m26.9s/3m30s  00.99 iters/s
before   [  99% ] 099/161 VUs  3m26.9s/3m30s  00.99 iters/s

running (3m27.9s), 097/211 VUs, 3090 complete and 0 interrupted iterations
after    [  99% ] 000/050 VUs  3m27.9s/3m30s  00.41 iters/s
before   [  99% ] 097/161 VUs  3m27.9s/3m30s  00.41 iters/s

running (3m28.9s), 087/211 VUs, 3100 complete and 0 interrupted iterations
after    [  99% ] 000/050 VUs  3m28.9s/3m30s  00.41 iters/s
before   [  99% ] 087/161 VUs  3m28.9s/3m30s  00.41 iters/s

running (3m29.9s), 084/211 VUs, 3103 complete and 0 interrupted iterations
after    [ 100% ] 000/050 VUs  3m29.9s/3m30s  00.41 iters/s
before   [ 100% ] 084/161 VUs  3m29.9s/3m30s  00.41 iters/s

running (3m30.9s), 082/211 VUs, 3105 complete and 0 interrupted iterations
after  ✓ [ 100% ] 000/050 VUs  3m30s  00.41 iters/s
before ↓ [ 100% ] 084/161 VUs  3m30s  00.41 iters/s

running (3m31.9s), 079/211 VUs, 3108 complete and 0 interrupted iterations
after  ✓ [ 100% ] 000/050 VUs  3m30s  00.41 iters/s
before ↓ [ 100% ] 084/161 VUs  3m30s  00.41 iters/s

running (3m32.9s), 072/211 VUs, 3115 complete and 0 interrupted iterations
after  ✓ [ 100% ] 000/050 VUs  3m30s  00.41 iters/s
before ↓ [ 100% ] 084/161 VUs  3m30s  00.41 iters/s

running (3m33.9s), 066/211 VUs, 3121 complete and 0 interrupted iterations
after  ✓ [ 100% ] 000/050 VUs  3m30s  00.41 iters/s
before ↓ [ 100% ] 084/161 VUs  3m30s  00.41 iters/s

running (3m34.9s), 058/211 VUs, 3129 complete and 0 interrupted iterations
after  ✓ [ 100% ] 000/050 VUs  3m30s  00.41 iters/s
before ↓ [ 100% ] 084/161 VUs  3m30s  00.41 iters/s

running (3m35.9s), 054/211 VUs, 3133 complete and 0 interrupted iterations
after  ✓ [ 100% ] 000/050 VUs  3m30s  00.41 iters/s
before ↓ [ 100% ] 084/161 VUs  3m30s  00.41 iters/s

running (3m36.9s), 052/211 VUs, 3135 complete and 0 interrupted iterations
after  ✓ [ 100% ] 000/050 VUs  3m30s  00.41 iters/s
before ↓ [ 100% ] 084/161 VUs  3m30s  00.41 iters/s

running (3m37.9s), 049/211 VUs, 3138 complete and 0 interrupted iterations
after  ✓ [ 100% ] 000/050 VUs  3m30s  00.41 iters/s
before ↓ [ 100% ] 084/161 VUs  3m30s  00.41 iters/s

running (3m38.9s), 044/211 VUs, 3143 complete and 0 interrupted iterations
after  ✓ [ 100% ] 000/050 VUs  3m30s  00.41 iters/s
before ↓ [ 100% ] 084/161 VUs  3m30s  00.41 iters/s

running (3m39.9s), 040/211 VUs, 3147 complete and 0 interrupted iterations
after  ✓ [ 100% ] 000/050 VUs  3m30s  00.41 iters/s
before ↓ [ 100% ] 084/161 VUs  3m30s  00.41 iters/s

running (3m40.9s), 034/211 VUs, 3153 complete and 0 interrupted iterations
after  ✓ [ 100% ] 000/050 VUs  3m30s  00.41 iters/s
before ↓ [ 100% ] 084/161 VUs  3m30s  00.41 iters/s

running (3m41.9s), 034/211 VUs, 3153 complete and 0 interrupted iterations
after  ✓ [ 100% ] 000/050 VUs  3m30s  00.41 iters/s
before ↓ [ 100% ] 084/161 VUs  3m30s  00.41 iters/s

running (3m42.9s), 030/211 VUs, 3157 complete and 0 interrupted iterations
after  ✓ [ 100% ] 000/050 VUs  3m30s  00.41 iters/s
before ↓ [ 100% ] 084/161 VUs  3m30s  00.41 iters/s

running (3m43.9s), 023/211 VUs, 3164 complete and 0 interrupted iterations
after  ✓ [ 100% ] 000/050 VUs  3m30s  00.41 iters/s
before ↓ [ 100% ] 084/161 VUs  3m30s  00.41 iters/s

running (3m44.9s), 014/211 VUs, 3173 complete and 0 interrupted iterations
after  ✓ [ 100% ] 000/050 VUs  3m30s  00.41 iters/s
before ↓ [ 100% ] 084/161 VUs  3m30s  00.41 iters/s

running (3m45.9s), 009/211 VUs, 3178 complete and 0 interrupted iterations
after  ✓ [ 100% ] 000/050 VUs  3m30s  00.41 iters/s
before ↓ [ 100% ] 084/161 VUs  3m30s  00.41 iters/s

running (3m46.9s), 006/211 VUs, 3181 complete and 0 interrupted iterations
after  ✓ [ 100% ] 000/050 VUs  3m30s  00.41 iters/s
before ↓ [ 100% ] 084/161 VUs  3m30s  00.41 iters/s

running (3m47.9s), 005/211 VUs, 3182 complete and 0 interrupted iterations
after  ✓ [ 100% ] 000/050 VUs  3m30s  00.41 iters/s
before ↓ [ 100% ] 084/161 VUs  3m30s  00.41 iters/s
on-sale verify1t040736: peak 600/min per side, ramp 60s, hold 120s, rampdown 30s
  before fired=1538 accepted=821 p50=3918ms p95=30849ms max=47281ms statuses={"201":821,"500":120,"503":597}
  after  fired=1649 accepted=1649 p50=29ms p95=51ms max=9657ms statuses={"202":1649}
  dropped_iterations=111 (arrival rate not met: all 300 VUs busy)
=== ONSALE_SUMMARY_BEGIN ===
{
  "run_id": "verify1t040736",
  "token": "tkt01",
  "finished_at": "2026-09-29T04:11:35.634Z",
  "test_duration_s": 228,
  "shape": {
    "ramp": "60s",
    "peak_orders_per_minute": 600,
    "duration": "120s",
    "rampdown": "30s",
    "max_vus": 300,
    "performances": 24,
    "quantity": 2
  },
  "order_key_pattern": "verify1t040736-<side>-<n>",
  "dropped_iterations": 111,
  "http_reqs": 3187,
  "sides": {
    "before": {
      "host": "tkt01-before.demo.otterworks.app",
      "fired": 1538,
      "accepted": 821,
      "statuses": {
        "201": 821,
        "500": 120,
        "503": 597
      },
      "latency_ms": {
        "avg": 10121,
        "p50": 3918,
        "p90": 26822,
        "p95": 30849,
        "p99": 38852,
        "max": 47281
      }
    },
    "after": {
      "host": "tkt01-after.demo.otterworks.app",
      "fired": 1649,
      "accepted": 1649,
      "statuses": {
        "202": 1649
      },
      "latency_ms": {
        "avg": 67,
        "p50": 29,
        "p90": 47,
        "p95": 51,
        "p99": 63,
        "max": 9657
      }
    }
  }
}
=== ONSALE_SUMMARY_END ===

running (3m48.5s), 000/211 VUs, 3187 complete and 0 interrupted iterations
after  ✓ [ 100% ] 000/050 VUs  3m30s  00.41 iters/s
before ✓ [ 100% ] 000/161 VUs  3m30s  00.41 iters/s
