[ticketing 03:56:51] transcript: ticketing/.runs/tkt01/reset-20260929T035651Z.log
[ticketing 03:56:53] deleting tkt01-before
namespace "tkt01-before" deleted
[ticketing 03:57:11] deleting tkt01-after
namespace "tkt01-after" deleted
[ticketing 03:58:45] before: ns=tkt01-before image=monolith:c342ecec4714 cpu=500m pricing_passes=200
namespace/tkt01-before unchanged
resourcequota/tkt01-before-quota created
limitrange/tkt01-before-limits created
networkpolicy.networking.k8s.io/tkt01-before-isolate created
deployment.apps/tkt01-db created
service/tkt01-db created
deployment.apps/tkt01-monolith created
service/tkt01-monolith created
ingress.networking.k8s.io/tkt01-before created
Waiting for deployment "tkt01-db" rollout to finish: 0 of 1 updated replicas are available...
deployment "tkt01-db" successfully rolled out
Waiting for deployment "tkt01-monolith" rollout to finish: 0 of 1 updated replicas are available...
deployment "tkt01-monolith" successfully rolled out
[ticketing 03:59:23] before ready: https://tkt01-before.demo.otterworks.app/app/
[ticketing 03:59:26] after: ns=tkt01-after host=tkt01-after.demo.otterworks.app
[ticketing 03:59:27]    image orders:tkt01-cf0e952b@sha256:31a942439de0…
[ticketing 03:59:28]    image seats:tkt01-134dbe9c@sha256:9fc351e47ed2…
[ticketing 03:59:29]    image payments:tkt01-f017d40c@sha256:b36666252828…
[ticketing 03:59:30]    image confirmations:tkt01-0da2c6d269ea@sha256:87e622c226a5…
[ticketing 03:59:30] 1/6 namespace, quota, limits, isolation
namespace/tkt01-after created
resourcequota/tkt01-after-quota created
limitrange/tkt01-after-limits created
networkpolicy.networking.k8s.io/tkt01-after-isolate created
[ticketing 03:59:32] 2/6 Kafka tkt01-kafka (KRaft, 1 ephemeral node) and the four service databases
kafkanodepool.kafka.strimzi.io/tkt01-broker created
kafka.kafka.strimzi.io/tkt01-kafka created
podmonitor.monitoring.coreos.com/tkt01-kafka-exporter created
secret/tkt01-orders-db created
deployment.apps/tkt01-orders-db created
service/tkt01-orders-db created
secret/tkt01-seats-db created
deployment.apps/tkt01-seats-db created
service/tkt01-seats-db created
deployment.apps/tkt01-payments-db created
service/tkt01-payments-db created
deployment.apps/tkt01-confirmations-db created
service/tkt01-confirmations-db created
deployment "tkt01-orders-db" successfully rolled out
deployment "tkt01-seats-db" successfully rolled out
Waiting for deployment "tkt01-payments-db" rollout to finish: 0 of 1 updated replicas are available...
deployment "tkt01-payments-db" successfully rolled out
deployment "tkt01-confirmations-db" successfully rolled out
kafka.kafka.strimzi.io/tkt01-kafka condition met
[ticketing 04:00:57] 3/6 topics (6 partitions each)
kafkatopic.kafka.strimzi.io/tkt01-order-placed created
kafkatopic.kafka.strimzi.io/tkt01-hold-expired created
kafkatopic.kafka.strimzi.io/tkt01-payment-captured created
kafkatopic.kafka.strimzi.io/tkt01-payment-failed created
kafkatopic.kafka.strimzi.io/tkt01-order-confirmed created
kafkatopic.kafka.strimzi.io/tkt01-hold-expired condition met
kafkatopic.kafka.strimzi.io/tkt01-order-confirmed condition met
kafkatopic.kafka.strimzi.io/tkt01-order-placed condition met
kafkatopic.kafka.strimzi.io/tkt01-payment-captured condition met
kafkatopic.kafka.strimzi.io/tkt01-payment-failed condition met
[ticketing 04:01:08] 4/6 services: Knative orders/seats/confirmations, payments + outbox relay (KEDA), monitors, policies
service.serving.knative.dev/tkt01-orders created
podmonitor.monitoring.coreos.com/tkt01-orders created
servicemonitor.monitoring.coreos.com/tkt01-orders-outbox-relay created
networkpolicy.networking.k8s.io/tkt01-orders created
service.serving.knative.dev/tkt01-seats created
service/tkt01-seats-metrics created
cronjob.batch/tkt01-seats-sweep created
servicemonitor.monitoring.coreos.com/tkt01-seats created
networkpolicy.networking.k8s.io/tkt01-seats created
service.serving.knative.dev/tkt01-confirmations created
service/tkt01-confirmations-metrics created
servicemonitor.monitoring.coreos.com/tkt01-confirmations created
networkpolicy.networking.k8s.io/tkt01-confirmations created
deployment.apps/tkt01-payments created
service/tkt01-payments created
servicemonitor.monitoring.coreos.com/tkt01-payments created
networkpolicy.networking.k8s.io/tkt01-payments-isolate created
deployment.apps/tkt01-orders-outbox-relay created
service/tkt01-orders-outbox-relay created
triggerauthentication.keda.sh/tkt01-orders-db-trigger-auth created
Waiting for deployment "tkt01-payments" rollout to finish: 0 of 1 updated replicas are available...
deployment "tkt01-payments" successfully rolled out
Waiting for deployment "tkt01-orders-outbox-relay" rollout to finish: 0 of 1 updated replicas are available...
deployment "tkt01-orders-outbox-relay" successfully rolled out
scaledobject.keda.sh/tkt01-payments created
scaledobject.keda.sh/tkt01-orders-outbox-relay created
service.serving.knative.dev/tkt01-confirmations condition met
service.serving.knative.dev/tkt01-orders condition met
service.serving.knative.dev/tkt01-seats condition met
scaledobject.keda.sh/tkt01-orders-outbox-relay condition met
scaledobject.keda.sh/tkt01-payments condition met
[ticketing 04:02:12] 5/6 public ingress https://tkt01-after.demo.otterworks.app and Grafana dashboard
service/tkt01-orders-kourier created
ingress.networking.k8s.io/tkt01-after created
ingress.networking.k8s.io/tkt01-after-payments created
service/tkt01-seats-kourier created
ingress.networking.k8s.io/tkt01-seats created
service/tkt01-confirmations-kourier created
ingress.networking.k8s.io/tkt01-confirmations created
[ticketing 04:02:22]    dashboard: https://grafana.otterworks.app/d/ticketing-onsale-tkt01
[ticketing 04:02:22] 6/6 waiting for the certificate, DNS and the services to answer on https://tkt01-after.demo.otterworks.app
certificate.cert-manager.io/tkt01-after-tls condition met
[ticketing 04:02:38]    https://tkt01-after.demo.otterworks.app/api/stats -> 200 after 13s
[ticketing 04:02:40]    https://tkt01-after.demo.otterworks.app/api/performances/1/availability -> 200 after 2s
[ticketing 04:02:50]    https://tkt01-after.demo.otterworks.app/api/confirmations/none -> 404 after 10s
[ticketing 04:02:50] after ready: https://tkt01-after.demo.otterworks.app/api/stats
[ticketing 04:02:51] seed: before (tkt01-before) from monolith/db/{reset,schema,seed}.sql
NOTICE:  drop cascades to 30 other objects
DETAIL:  drop cascades to table promoters
drop cascades to table venues
drop cascades to table venue_sections
drop cascades to table price_zones
drop cascades to table seats
drop cascades to table performers
drop cascades to table events
drop cascades to table event_performers
drop cascades to table performances
drop cascades to table performance_price_levels
drop cascades to table seat_inventory
drop cascades to table customers
drop cascades to table customer_addresses
drop cascades to table seat_holds
drop cascades to table seat_hold_items
drop cascades to table carts
drop cascades to table cart_items
drop cascades to table promo_codes
drop cascades to table delivery_methods
drop cascades to table orders
drop cascades to table order_items
drop cascades to table order_fees
drop cascades to table payments
drop cascades to table payment_attempts
drop cascades to table refunds
drop cascades to table tickets
drop cascades to table confirmations
drop cascades to table settlement_batches
drop cascades to table settlement_lines
drop cascades to table audit_log
[ticketing 04:03:36] seed: after (tkt01-after) — reset service schemas, Flyway re-seeds on boot
NOTICE:  drop cascades to 12 other objects
DETAIL:  drop cascades to table flyway_schema_history
drop cascades to table venues
drop cascades to table price_zones
drop cascades to table events
drop cascades to table performances
drop cascades to table performance_price_levels
drop cascades to table promo_codes
drop cascades to table delivery_methods
drop cascades to table orders
drop cascades to table order_items
drop cascades to table order_fees
drop cascades to table outbox
NOTICE:  drop cascades to 11 other objects
DETAIL:  drop cascades to table flyway_schema_history
drop cascades to table venues
drop cascades to table venue_sections
drop cascades to table price_zones
drop cascades to table seats
drop cascades to table performances
drop cascades to table seat_inventory
drop cascades to table seat_holds
drop cascades to table seat_hold_items
drop cascades to table inbox
drop cascades to table hold_expired_events
NOTICE:  drop cascades to 3 other objects
DETAIL:  drop cascades to table flyway_schema_history
drop cascades to table payments
drop cascades to table payment_attempts
NOTICE:  drop cascades to 3 other objects
DETAIL:  drop cascades to table flyway_schema_history
drop cascades to table tickets
drop cascades to table confirmations
[ticketing 04:04:00]    https://tkt01-after.demo.otterworks.app/api/stats -> 200 after 12s
[ticketing 04:04:02]    https://tkt01-after.demo.otterworks.app/api/performances/1/availability -> 200 after 2s
[ticketing 04:04:14]    https://tkt01-after.demo.otterworks.app/api/confirmations/none -> 404 after 12s
[ticketing 04:04:15]    https://tkt01-before.demo.otterworks.app/api/stats -> 200 after 1s
[ticketing 04:04:15] seed check: seat availability before | after
   performance 1   {"available":20000,"held":0,"sold":0} | {"available":20000,"held":0,"sold":0}
   performance 7   {"available":2400,"held":0,"sold":0} | {"available":2400,"held":0,"sold":0}
   performance 13  {"available":1200,"held":0,"sold":0} | {"available":1200,"held":0,"sold":0}
   performance 24  {"available":1200,"held":0,"sold":0} | {"available":1200,"held":0,"sold":0}
[ticketing 04:04:31] seed complete in 98s (before stats: {"ordersTotal":0,"ordersByStatus":{},"paymentsCaptured":0,"capturedCents":0,"ticketsIssued":0,"confirmationsQueued":0,"seatsSold":0,"seatsHeld":0})
[ticketing 04:04:31] reset complete in 460s; replica counts at rest:
== tkt01-before
KIND         NAME             DESIRED   READY
Deployment   tkt01-db         1         1
Deployment   tkt01-monolith   1         1
KSVC   READY   URL
SCALEDOBJECT   TARGET   MIN   MAX   ACTIVE
   running pods: 2
== tkt01-after
KIND         NAME                                   DESIRED   READY
Deployment   tkt01-confirmations-00001-deployment   1         1
Deployment   tkt01-confirmations-db                 1         1
Deployment   tkt01-kafka-entity-operator            1         1
Deployment   tkt01-kafka-kafka-exporter             1         1
Deployment   tkt01-orders-00001-deployment          1         1
Deployment   tkt01-orders-db                        1         1
Deployment   tkt01-orders-outbox-relay              0         <none>
Deployment   tkt01-payments                         0         <none>
Deployment   tkt01-payments-db                      1         1
Deployment   tkt01-seats-00001-deployment           1         1
Deployment   tkt01-seats-db                         1         1
KSVC                  READY   URL
tkt01-confirmations   True    http://tkt01-confirmations.tkt01-after.svc.cluster.local
tkt01-orders          True    http://tkt01-orders.tkt01-after.svc.cluster.local
tkt01-seats           True    http://tkt01-seats.tkt01-after.svc.cluster.local
SCALEDOBJECT                TARGET                      MIN   MAX   ACTIVE
tkt01-orders-outbox-relay   tkt01-orders-outbox-relay   0     1     False
tkt01-payments              tkt01-payments              0     6     False
   running pods: 10
